******************************************************************************
                     PRU Linker Unix v2.0.0                    
******************************************************************************
>> Linked Thu Dec 24 20:02:19 2015

OUTPUT FILE NAME:   <pru_main.elf>
ENTRY POINT SYMBOL: "_c_int00_noinit_noargs_noexit"  address: 00000328


MEMORY CONFIGURATION

         name            origin    length      used     unused   attr    fill
----------------------  --------  ---------  --------  --------  ----  --------
PAGE 0:
  PRUIMEM               00000000   00001000  00000364  00000c9c  RWIX

PAGE 1:
  PRUDMEM               00000000   00001000  00000100  00000f00  RWIX


SECTION ALLOCATION MAP

 output                                  attributes/
section   page    origin      length       input sections
--------  ----  ----------  ----------   ----------------
.text      0    00000000    00000364     
                  00000000    000001c8     rtspruv2_le.lib : mpyf.obj (.text:__pruabi_mpyf)
                  000001c8    000000a8                     : frcmpyf.obj (.text:__TI_frcmpyf)
                  00000270    0000006c     pru_main.obj (.text:main)
                  000002dc    00000028     pru_hal.obj (.text:shm_init)
                  00000304    00000024     rtspruv2_le.lib : mpyi.obj (.text:__pruabi_mpyi)
                  00000328    00000014                     : boot_special.obj (.text:_c_int00_noinit_noargs_noexit)
                  0000033c    00000010     pru_hal.obj (.text:ocp_init)
                  0000034c    00000008     rtspruv2_le.lib : exit.obj (.text:abort)
                  00000354    00000008                     : exit.obj (.text:loader_exit)
                  0000035c    00000008     pru_hal.obj (.text:shm_write_uint32)

.stack     1    00000000    00000100     UNINITIALIZED
                  00000000    00000004     rtspruv2_le.lib : boot.obj (.stack)
                  00000004    000000fc     --HOLE--

.cinit     1    00000000    00000000     UNINITIALIZED


SEGMENT ATTRIBUTES

    id tag      seg value
    -- ---      --- -----
     0 PHA_PAGE 1   1    


GLOBAL SYMBOLS: SORTED ALPHABETICALLY BY Name 

address    name
--------   ----
00000354   C$$EXIT
00000100   __TI_STACK_END
00000100   __TI_STACK_SIZE
00000001   __TI_args_main
00000001   __TI_auto_init
00000001   __TI_c_int00
00000001   __TI_exit
000001c8   __TI_frcmpyf
ffffffff   __binit__
ffffffff   __c_args__
00000000   __pruabi_mpyf
00000304   __pruabi_mpyi
00000328   _c_int00_noinit_noargs_noexit
00000000   _stack
0000034c   abort
ffffffff   binit
00000270   main
0000033c   ocp_init
000002dc   shm_init
0000035c   shm_write_uint32


GLOBAL SYMBOLS: SORTED BY Symbol Address 

address    name
--------   ----
00000000   __pruabi_mpyf
00000000   _stack
00000001   __TI_args_main
00000001   __TI_auto_init
00000001   __TI_c_int00
00000001   __TI_exit
00000100   __TI_STACK_END
00000100   __TI_STACK_SIZE
000001c8   __TI_frcmpyf
00000270   main
000002dc   shm_init
00000304   __pruabi_mpyi
00000328   _c_int00_noinit_noargs_noexit
0000033c   ocp_init
0000034c   abort
00000354   C$$EXIT
0000035c   shm_write_uint32
ffffffff   __binit__
ffffffff   __c_args__
ffffffff   binit

[20 symbols]
