******************************************************************************
                     PRU Linker Unix v2.0.0                    
******************************************************************************
>> Linked Thu Dec 31 03:55:55 2015

OUTPUT FILE NAME:   <pru_main.elf>
ENTRY POINT SYMBOL: "_c_int00_noinit_noargs_noexit"  address: 00000230


MEMORY CONFIGURATION

         name            origin    length      used     unused   attr    fill
----------------------  --------  ---------  --------  --------  ----  --------
PAGE 0:
  PRUIMEM               00000000   00001000  0000026c  00000d94  RWIX

PAGE 1:
  PRUDMEM               00000000   00001000  00000100  00000f00  RWIX


SECTION ALLOCATION MAP

 output                                  attributes/
section   page    origin      length       input sections
--------  ----  ----------  ----------   ----------------
.text      0    00000000    0000026c     
                  00000000    00000100     pru_main.obj (.text:spiWrite2Bytes)
                  00000100    00000094     pru_main.obj (.text:main)
                  00000194    00000038     pru_hal.obj (.text:shm_read)
                  000001cc    00000028     pru_hal.obj (.text:shm_init)
                  000001f4    00000020     pru_main.obj (.text:clearBit)
                  00000214    0000001c     pru_main.obj (.text:setBit)
                  00000230    00000014     rtspruv3_le.lib : boot_special.obj (.text:_c_int00_noinit_noargs_noexit)
                  00000244    00000010     pru_hal.obj (.text:ocp_init)
                  00000254    00000008     rtspruv3_le.lib : exit.obj (.text:abort)
                  0000025c    00000008                     : exit.obj (.text:loader_exit)
                  00000264    00000008     pru_hal.obj (.text:shm_write_uint32)

.stack     1    00000000    00000100     UNINITIALIZED
                  00000000    00000004     rtspruv3_le.lib : boot.obj (.stack)
                  00000004    000000fc     --HOLE--

.cinit     1    00000000    00000000     UNINITIALIZED


SEGMENT ATTRIBUTES

    id tag      seg value
    -- ---      --- -----
     0 PHA_PAGE 1   1    


GLOBAL SYMBOLS: SORTED ALPHABETICALLY BY Name 

address    name
--------   ----
0000025c   C$$EXIT
00000100   __TI_STACK_END
00000100   __TI_STACK_SIZE
00000001   __TI_args_main
00000001   __TI_auto_init
00000001   __TI_c_int00
00000001   __TI_exit
ffffffff   __binit__
ffffffff   __c_args__
00000230   _c_int00_noinit_noargs_noexit
00000000   _stack
00000254   abort
ffffffff   binit
000001f4   clearBit
00000100   main
00000244   ocp_init
00000214   setBit
000001cc   shm_init
00000194   shm_read
00000264   shm_write_uint32
00000000   spiWrite2Bytes


GLOBAL SYMBOLS: SORTED BY Symbol Address 

address    name
--------   ----
00000000   _stack
00000000   spiWrite2Bytes
00000001   __TI_args_main
00000001   __TI_auto_init
00000001   __TI_c_int00
00000001   __TI_exit
00000100   __TI_STACK_END
00000100   __TI_STACK_SIZE
00000100   main
00000194   shm_read
000001cc   shm_init
000001f4   clearBit
00000214   setBit
00000230   _c_int00_noinit_noargs_noexit
00000244   ocp_init
00000254   abort
0000025c   C$$EXIT
00000264   shm_write_uint32
ffffffff   __binit__
ffffffff   __c_args__
ffffffff   binit

[21 symbols]
