******************************************************************************
                     PRU Linker Unix v2.0.0                    
******************************************************************************
>> Linked Thu Dec 31 06:21:27 2015

OUTPUT FILE NAME:   <pru_main.elf>
ENTRY POINT SYMBOL: "_c_int00_noinit_noargs_noexit"  address: 00000298


MEMORY CONFIGURATION

         name            origin    length      used     unused   attr    fill
----------------------  --------  ---------  --------  --------  ----  --------
PAGE 0:
  PRUIMEM               00000000   00001000  000002cc  00000d34  RWIX

PAGE 1:
  PRUDMEM               00000000   00001000  00000100  00000f00  RWIX


SECTION ALLOCATION MAP

 output                                  attributes/
section   page    origin      length       input sections
--------  ----  ----------  ----------   ----------------
.text      0    00000000    000002cc     
                  00000000    0000010c     pru_main.obj (.text:main)
                  0000010c    000000f0     pru_main.obj (.text:spiWrite2Bytes)
                  000001fc    00000038     pru_hal.obj (.text:shm_read)
                  00000234    00000028     pru_hal.obj (.text:shm_init)
                  0000025c    00000020     pru_main.obj (.text:clearBit)
                  0000027c    0000001c     pru_main.obj (.text:setBit)
                  00000298    00000014     rtspruv3_le.lib : boot_special.obj (.text:_c_int00_noinit_noargs_noexit)
                  000002ac    00000010     pru_hal.obj (.text:ocp_init)
                  000002bc    00000008     rtspruv3_le.lib : exit.obj (.text:abort)
                  000002c4    00000008                     : exit.obj (.text:loader_exit)

.stack     1    00000000    00000100     UNINITIALIZED
                  00000000    00000004     rtspruv3_le.lib : boot.obj (.stack)
                  00000004    000000fc     --HOLE--

.cinit     1    00000000    00000000     UNINITIALIZED


SEGMENT ATTRIBUTES

    id tag      seg value
    -- ---      --- -----
     0 PHA_PAGE 1   1    


GLOBAL SYMBOLS: SORTED ALPHABETICALLY BY Name 

address    name
--------   ----
000002c4   C$$EXIT
00000100   __TI_STACK_END
00000100   __TI_STACK_SIZE
00000001   __TI_args_main
00000001   __TI_auto_init
00000001   __TI_c_int00
00000001   __TI_exit
ffffffff   __binit__
ffffffff   __c_args__
00000298   _c_int00_noinit_noargs_noexit
00000000   _stack
000002bc   abort
ffffffff   binit
0000025c   clearBit
00000000   main
000002ac   ocp_init
0000027c   setBit
00000234   shm_init
000001fc   shm_read
0000010c   spiWrite2Bytes


GLOBAL SYMBOLS: SORTED BY Symbol Address 

address    name
--------   ----
00000000   _stack
00000000   main
00000001   __TI_args_main
00000001   __TI_auto_init
00000001   __TI_c_int00
00000001   __TI_exit
00000100   __TI_STACK_END
00000100   __TI_STACK_SIZE
0000010c   spiWrite2Bytes
000001fc   shm_read
00000234   shm_init
0000025c   clearBit
0000027c   setBit
00000298   _c_int00_noinit_noargs_noexit
000002ac   ocp_init
000002bc   abort
000002c4   C$$EXIT
ffffffff   __binit__
ffffffff   __c_args__
ffffffff   binit

[20 symbols]
